D:/Proyectos/STM32_Codes/DMA/Drivers/CMSIS/Include/core_cm4.h:1684:22:__NVIC_EnableIRQ	16	static,ignoring_inline_asm
D:/Proyectos/STM32_Codes/DMA/Drivers/CMSIS/Include/core_cm4.h:1775:22:__NVIC_ClearPendingIRQ	16	static
D:/Proyectos/STM32_Codes/DMA/Drivers/CMSIS/Include/core_cm4.h:1814:22:__NVIC_SetPriority	16	static
D:/Proyectos/STM32_Codes/DMA/Drivers/CMSIS/Include/core_cm4.h:2022:26:SysTick_Config	16	static
D:/Proyectos/STM32_Codes/DMA/Drivers/CMSIS/Include/core_cm4.h:2064:26:ITM_SendChar	16	static,ignoring_inline_asm
../Core/Src/main.c:44:5:main	8	static
../Core/Src/main.c:60:6:saludar	8	static
../Core/Src/main.c:66:6:GPIO_Config	4	static
../Core/Src/main.c:100:6:EXTI_Config	8	static
../Core/Src/main.c:127:6:PLL_Config	8	static
../Core/Src/main.c:168:6:USART2_Config	8	static
../Core/Src/main.c:199:6:USART6_Config	8	static
../Core/Src/main.c:223:5:__io_putchar	16	static
../Core/Src/main.c:233:6:delay_ms	24	static
../Core/Src/main.c:238:9:UART_Transmit	32	static
../Core/Src/main.c:254:9:UART_Receive	32	static
../Core/Src/main.c:270:6:Timer5_Config	8	static
../Core/Src/main.c:286:6:Timer3_ConfigPWM	8	static
../Core/Src/main.c:317:6:ADC_Config	8	static
../Core/Src/main.c:373:6:ADC_ConfigDMA	4	static
../Core/Src/main.c:383:6:DMA_Config	8	static
../Core/Src/main.c:413:10:ADC_getData	16	static
../Core/Src/main.c:421:10:getTicks	4	static
../Core/Src/main.c:425:6:USART2_putc	16	static
../Core/Src/main.c:430:6:USART2_getc	4	static
../Core/Src/main.c:435:9:button_read	16	static
../Core/Src/main.c:452:6:moverServo	16	static
