D:/Proyectos/STM32_Codes/SPI/Drivers/CMSIS/Include/core_cm4.h:1684:22:__NVIC_EnableIRQ	16	static,ignoring_inline_asm
D:/Proyectos/STM32_Codes/SPI/Drivers/CMSIS/Include/core_cm4.h:1775:22:__NVIC_ClearPendingIRQ	16	static
D:/Proyectos/STM32_Codes/SPI/Drivers/CMSIS/Include/core_cm4.h:1814:22:__NVIC_SetPriority	16	static
D:/Proyectos/STM32_Codes/SPI/Drivers/CMSIS/Include/core_cm4.h:2022:26:SysTick_Config	16	static
D:/Proyectos/STM32_Codes/SPI/Drivers/CMSIS/Include/core_cm4.h:2064:26:ITM_SendChar	16	static,ignoring_inline_asm
../Core/Src/main.c:59:5:main	24	static
../Core/Src/main.c:83:6:ethernet_cs_enable	4	static
../Core/Src/main.c:87:6:ethernet_cs_disable	4	static
../Core/Src/main.c:91:6:ethernet_reset	8	static
../Core/Src/main.c:98:6:saludar	8	static
../Core/Src/main.c:104:6:GPIO_Config	4	static
../Core/Src/main.c:138:6:EXTI_Config	8	static
../Core/Src/main.c:165:6:PLL_Config	8	static
../Core/Src/main.c:206:6:USART2_Config	8	static
../Core/Src/main.c:237:6:USART6_Config	8	static
../Core/Src/main.c:261:5:__io_putchar	16	static
../Core/Src/main.c:271:6:delay_ms	24	static
../Core/Src/main.c:276:9:UART_Transmit	32	static
../Core/Src/main.c:292:9:UART_Receive	32	static
../Core/Src/main.c:308:6:Timer5_Config	8	static
../Core/Src/main.c:324:6:Timer3_ConfigPWM	8	static
../Core/Src/main.c:355:6:ADC_Config	8	static
../Core/Src/main.c:411:6:ADC_ConfigDMA	4	static
../Core/Src/main.c:421:6:DMA_Config	8	static
../Core/Src/main.c:451:10:ADC_getData	16	static
../Core/Src/main.c:459:10:getTicks	4	static
../Core/Src/main.c:463:6:USART2_putc	16	static
../Core/Src/main.c:468:6:USART2_getc	4	static
../Core/Src/main.c:473:9:button_read	16	static
../Core/Src/main.c:490:6:SPI1_Config	4	static
../Core/Src/main.c:519:6:SPI1_Write	24	static
../Core/Src/main.c:530:9:SPI1_Read	4	static
