D:/Proyectos/STM32_Codes/ADC/Drivers/CMSIS/Include/core_cm4.h:1684:22:__NVIC_EnableIRQ	16	static,ignoring_inline_asm
D:/Proyectos/STM32_Codes/ADC/Drivers/CMSIS/Include/core_cm4.h:1775:22:__NVIC_ClearPendingIRQ	16	static
D:/Proyectos/STM32_Codes/ADC/Drivers/CMSIS/Include/core_cm4.h:1814:22:__NVIC_SetPriority	16	static
D:/Proyectos/STM32_Codes/ADC/Drivers/CMSIS/Include/core_cm4.h:2022:26:SysTick_Config	16	static
D:/Proyectos/STM32_Codes/ADC/Drivers/CMSIS/Include/core_cm4.h:2064:26:ITM_SendChar	16	static,ignoring_inline_asm
../Core/Src/main.c:41:5:main	8	static
../Core/Src/main.c:56:6:saludar	8	static
../Core/Src/main.c:62:6:GPIO_Config	4	static
../Core/Src/main.c:96:6:EXTI_Config	8	static
../Core/Src/main.c:123:6:PLL_Config	8	static
../Core/Src/main.c:164:6:USART2_Config	8	static
../Core/Src/main.c:195:6:USART6_Config	8	static
../Core/Src/main.c:219:5:__io_putchar	16	static
../Core/Src/main.c:229:6:delay_ms	24	static
../Core/Src/main.c:234:9:UART_Transmit	32	static
../Core/Src/main.c:250:9:UART_Receive	32	static
../Core/Src/main.c:266:6:Timer5_Config	8	static
../Core/Src/main.c:282:6:Timer3_ConfigPWM	8	static
../Core/Src/main.c:313:6:ADC_Config	8	static
../Core/Src/main.c:369:10:ADC_getData	16	static
../Core/Src/main.c:377:10:getTicks	4	static
../Core/Src/main.c:381:6:USART2_putc	16	static
../Core/Src/main.c:386:6:USART2_getc	4	static
../Core/Src/main.c:391:9:button_read	16	static
../Core/Src/main.c:408:6:moverServo	16	static
