D:/Proyectos/STM32_Codes/EXTI/Drivers/CMSIS/Include/core_cm4.h:1684:22:__NVIC_EnableIRQ	16	static,ignoring_inline_asm
D:/Proyectos/STM32_Codes/EXTI/Drivers/CMSIS/Include/core_cm4.h:1775:22:__NVIC_ClearPendingIRQ	16	static
D:/Proyectos/STM32_Codes/EXTI/Drivers/CMSIS/Include/core_cm4.h:1814:22:__NVIC_SetPriority	16	static
D:/Proyectos/STM32_Codes/EXTI/Drivers/CMSIS/Include/core_cm4.h:2064:26:ITM_SendChar	16	static,ignoring_inline_asm
../Core/Src/main.c:29:10:getTicks	4	static
../Core/Src/main.c:43:5:main	8	static
../Core/Src/main.c:92:9:button_read	16	static
../Core/Src/main.c:108:5:__io_putchar	16	static
../Core/Src/main.c:113:6:delay_ms	24	static
../Core/Src/main.c:120:6:PLL_Config	8	static
