D:/Proyectos/STM32_Codes/EXTI/Drivers/CMSIS/Include/core_cm4.h:1684:22:__NVIC_EnableIRQ	2
D:/Proyectos/STM32_Codes/EXTI/Drivers/CMSIS/Include/core_cm4.h:1775:22:__NVIC_ClearPendingIRQ	2
D:/Proyectos/STM32_Codes/EXTI/Drivers/CMSIS/Include/core_cm4.h:1814:22:__NVIC_SetPriority	2
D:/Proyectos/STM32_Codes/EXTI/Drivers/CMSIS/Include/core_cm4.h:2064:26:ITM_SendChar	4
../Core/Src/main.c:29:10:getTicks	1
../Core/Src/main.c:43:5:main	1
../Core/Src/main.c:92:9:button_read	4
../Core/Src/main.c:108:5:__io_putchar	1
../Core/Src/main.c:113:6:delay_ms	2
../Core/Src/main.c:120:6:PLL_Config	5
