D:/Proyectos/STM32_Codes/SYSTICK_INT/Drivers/CMSIS/Include/core_cm4.h:1814:22:__NVIC_SetPriority	16	static
D:/Proyectos/STM32_Codes/SYSTICK_INT/Drivers/CMSIS/Include/core_cm4.h:2022:26:SysTick_Config	16	static
D:/Proyectos/STM32_Codes/SYSTICK_INT/Drivers/CMSIS/Include/core_cm4.h:2064:26:ITM_SendChar	16	static,ignoring_inline_asm
../Core/Src/main.c:31:5:main	8	static
../Core/Src/main.c:73:5:__io_putchar	16	static
../Core/Src/main.c:78:6:delay_ms	24	static
../Core/Src/main.c:86:6:PLL_Config	8	static
