../Core/Src/main.c:113:6:motores	16	static
../Core/Src/main.c:153:6:leer_lineas	64	static
../Core/Src/main.c:169:6:leer_fondos	64	static
../Core/Src/main.c:185:6:calcular_umbral	64	static
../Core/Src/main.c:201:6:posicion	24	static
../Core/Src/main.c:226:6:imprimirDigitales	80	static
../Core/Src/main.c:234:6:imprimirAnalogicos	80	static
../Core/Src/main.c:242:6:seguidorPID	8	static
../Core/Src/main.c:269:5:main	8	static
../Core/Src/main.c:346:6:SystemClock_Config	88	static
../Core/Src/main.c:393:13:MX_ADC1_Init	24	static
../Core/Src/main.c:517:13:MX_TIM3_Init	48	static
../Core/Src/main.c:570:13:MX_TIM4_Init	64	static
../Core/Src/main.c:633:13:MX_USART2_UART_Init	8	static
../Core/Src/main.c:666:13:MX_USART6_UART_Init	8	static
../Core/Src/main.c:697:13:MX_DMA_Init	16	static
../Core/Src/main.c:715:13:MX_GPIO_Init	40	static
../Core/Src/main.c:770:6:HAL_UART_RxCpltCallback	16	static
../Core/Src/main.c:785:6:Error_Handler	4	static,ignoring_inline_asm
