../Core/Src/main.c:87:5:main	8	static
../Core/Src/main.c:256:6:SystemClock_Config	88	static
../Core/Src/main.c:303:13:MX_ADC1_Init	24	static
../Core/Src/main.c:355:13:MX_USART2_UART_Init	8	static
../Core/Src/main.c:386:13:MX_DMA_Init	16	static
../Core/Src/main.c:404:13:MX_GPIO_Init	48	static
../Core/Src/main.c:450:13:uno	8	static
../Core/Src/main.c:460:13:dos	8	static
../Core/Src/main.c:470:13:tres	8	static
../Core/Src/main.c:480:13:cuatro	8	static
../Core/Src/main.c:490:13:cinco	8	static
../Core/Src/main.c:500:13:seis	8	static
../Core/Src/main.c:510:13:siete	8	static
../Core/Src/main.c:520:13:ocho	8	static
../Core/Src/main.c:530:13:nueve	8	static
../Core/Src/main.c:540:13:cero	8	static
../Core/Src/main.c:558:6:Error_Handler	4	static,ignoring_inline_asm
