../Core/Src/main.c:113:6:motores	8	static
../Core/Src/main.c:153:6:leer_lineas	48	static
../Core/Src/main.c:169:6:leer_fondos	48	static
../Core/Src/main.c:185:6:calcular_umbral	40	static
../Core/Src/main.c:226:6:imprimirDigitales	48	static
../Core/Src/main.c:234:6:imprimirAnalogicos	48	static
../Core/Src/main.c:201:6:posicion	20	static
../Core/Src/main.c:242:6:seguidorPID	36	static
../Core/Src/main.c:346:6:SystemClock_Config	88	static,ignoring_inline_asm
../Core/Src/main.c:269:5:main	80	static,ignoring_inline_asm
../Core/Src/main.c:770:6:HAL_UART_RxCpltCallback	16	static
../Core/Src/main.c:785:6:Error_Handler	0	static,ignoring_inline_asm
