../Core/Src/main.c:107:6:motores	16	static
../Core/Src/main.c:139:6:leer_lineas	64	static
../Core/Src/main.c:155:6:leer_fondos	64	static
../Core/Src/main.c:171:6:calcular_umbral	64	static
../Core/Src/main.c:187:6:posicion	24	static
../Core/Src/main.c:212:6:imprimirDigitales	64	static
../Core/Src/main.c:220:6:imprimirAnalogicos	64	static
../Core/Src/main.c:228:6:seguidorPID	8	static
../Core/Src/main.c:255:5:main	8	static
../Core/Src/main.c:326:6:SystemClock_Config	88	static
../Core/Src/main.c:373:13:MX_ADC1_Init	24	static
../Core/Src/main.c:492:13:MX_TIM4_Init	48	static
../Core/Src/main.c:545:13:MX_USART2_UART_Init	8	static
../Core/Src/main.c:578:13:MX_USART3_UART_Init	8	static
../Core/Src/main.c:609:13:MX_DMA_Init	16	static
../Core/Src/main.c:627:13:MX_GPIO_Init	40	static
../Core/Src/main.c:670:6:HAL_UART_RxCpltCallback	16	static
../Core/Src/main.c:685:6:Error_Handler	4	static,ignoring_inline_asm
