D:/Proyectos/STM32_Codes/HC05/Drivers/CMSIS/Include/core_cm4.h:1684:22:__NVIC_EnableIRQ	16	static,ignoring_inline_asm
D:/Proyectos/STM32_Codes/HC05/Drivers/CMSIS/Include/core_cm4.h:1775:22:__NVIC_ClearPendingIRQ	16	static
D:/Proyectos/STM32_Codes/HC05/Drivers/CMSIS/Include/core_cm4.h:1814:22:__NVIC_SetPriority	16	static
D:/Proyectos/STM32_Codes/HC05/Drivers/CMSIS/Include/core_cm4.h:2022:26:SysTick_Config	16	static
D:/Proyectos/STM32_Codes/HC05/Drivers/CMSIS/Include/core_cm4.h:2064:26:ITM_SendChar	16	static,ignoring_inline_asm
../Core/Src/main.c:35:5:main	8	static
../Core/Src/main.c:80:6:saludar	8	static
../Core/Src/main.c:86:6:GPIO_Config	4	static
../Core/Src/main.c:120:6:EXTI_Config	8	static
../Core/Src/main.c:147:6:PLL_Config	8	static
../Core/Src/main.c:188:6:USART2_Config	8	static
../Core/Src/main.c:219:6:USART6_Config	8	static
../Core/Src/main.c:243:5:__io_putchar	16	static
../Core/Src/main.c:253:6:delay_ms	24	static
../Core/Src/main.c:258:9:UART_Transmit	32	static
../Core/Src/main.c:274:9:UART_Receive	32	static
../Core/Src/main.c:290:10:getTicks	4	static
../Core/Src/main.c:294:6:USART2_putc	16	static
../Core/Src/main.c:299:6:USART2_getc	4	static
../Core/Src/main.c:304:9:button_read	16	static
