D:/Proyectos/STM32_Codes/ModBus/Drivers/CMSIS/Include/core_cm4.h:1684:22:__NVIC_EnableIRQ	2
D:/Proyectos/STM32_Codes/ModBus/Drivers/CMSIS/Include/core_cm4.h:1775:22:__NVIC_ClearPendingIRQ	2
D:/Proyectos/STM32_Codes/ModBus/Drivers/CMSIS/Include/core_cm4.h:1814:22:__NVIC_SetPriority	2
D:/Proyectos/STM32_Codes/ModBus/Drivers/CMSIS/Include/core_cm4.h:2022:26:SysTick_Config	2
D:/Proyectos/STM32_Codes/ModBus/Drivers/CMSIS/Include/core_cm4.h:2064:26:ITM_SendChar	4
../Core/Src/main.c:37:5:main	5
../Core/Src/main.c:90:6:saludar	1
../Core/Src/main.c:96:6:GPIO_Config	1
../Core/Src/main.c:130:6:EXTI_Config	1
../Core/Src/main.c:157:6:PLL_Config	5
../Core/Src/main.c:198:6:USART2_Config	1
../Core/Src/main.c:225:5:__io_putchar	1
../Core/Src/main.c:235:6:delay_ms	2
../Core/Src/main.c:240:9:UART_Transmit	4
../Core/Src/main.c:256:9:UART_Receive	4
../Core/Src/main.c:272:10:getTicks	1
../Core/Src/main.c:276:9:button_read	4
../Core/Src/main.c:292:9:read_serial	2
../Core/Src/main.c:300:9:write_serial	2
