D:/Proyectos/STM32_Codes/ModBus/Drivers/CMSIS/Include/core_cm4.h:1684:22:__NVIC_EnableIRQ	16	static,ignoring_inline_asm
D:/Proyectos/STM32_Codes/ModBus/Drivers/CMSIS/Include/core_cm4.h:1775:22:__NVIC_ClearPendingIRQ	16	static
D:/Proyectos/STM32_Codes/ModBus/Drivers/CMSIS/Include/core_cm4.h:1814:22:__NVIC_SetPriority	16	static
D:/Proyectos/STM32_Codes/ModBus/Drivers/CMSIS/Include/core_cm4.h:2022:26:SysTick_Config	16	static
D:/Proyectos/STM32_Codes/ModBus/Drivers/CMSIS/Include/core_cm4.h:2064:26:ITM_SendChar	16	static,ignoring_inline_asm
../Core/Src/main.c:37:5:main	32	static
../Core/Src/main.c:90:6:saludar	8	static
../Core/Src/main.c:96:6:GPIO_Config	4	static
../Core/Src/main.c:130:6:EXTI_Config	8	static
../Core/Src/main.c:157:6:PLL_Config	8	static
../Core/Src/main.c:198:6:USART2_Config	4	static
../Core/Src/main.c:225:5:__io_putchar	16	static
../Core/Src/main.c:235:6:delay_ms	24	static
../Core/Src/main.c:240:9:UART_Transmit	32	static
../Core/Src/main.c:256:9:UART_Receive	32	static
../Core/Src/main.c:272:10:getTicks	4	static
../Core/Src/main.c:276:9:button_read	16	static
../Core/Src/main.c:292:9:read_serial	24	static
../Core/Src/main.c:300:9:write_serial	24	static
